// Jest Snapshot v1, https://goo.gl/fbAQLP

exports[`component/Savings renders Calculator Mode component 1`] = `
<div>
   
   
   
</div>
`;
