// Jest Snapshot v1, https://goo.gl/fbAQLP

exports[`component/Slider renders Slidercomponent 1`] = `
<div>
   
  <div
    class="css-uarar0"
  >
    <label
      class="chakra-form__label css-wuh3rg"
    >
      Interest Rate
    </label>
    <div
      class="css-x3oexv"
    >
      <p
        class="chakra-text css-1njcsuf"
      >
        0%
      </p>
      <div
        class="chakra-slider css-1jzw7c4"
        style="position: relative; user-select: none; outline: 0; padding-top: 0px; padding-bottom: 0px;"
        tabindex="-1"
      >
        <div
          class="chakra-slider__track css-yobz93"
          id="slider-track-1"
          style="position: absolute; top: 50%; transform: translateY(-50%); width: 100%;"
        >
          <div
            class="css-fsxq0m"
          />
          <div
            class="chakra-slider__filled-track css-lbpcfc"
            style="position: absolute; top: 50%; transform: translateY(-50%); width: 40%; left: 0px;"
          />
        </div>
        <div
          aria-orientation="horizontal"
          aria-valuemax="50"
          aria-valuemin="0"
          aria-valuenow="20"
          class="chakra-slider__thumb css-t6tax2"
          data-testid="interest-rate-slider"
          id="slider-thumb-1"
          role="slider"
          style="position: absolute; user-select: none; left: calc(40% - 0px);"
          tabindex="0"
        />
        <input
          type="hidden"
          value="20"
        />
      </div>
      <p
        class="chakra-text css-1njcsuf"
      >
        50%
      </p>
    </div>
    <p
      class="chakra-text css-1as9u30"
    >
      Current interest rate: 
      <b>
        20
        %
      </b>
    </p>
  </div>
   
   
</div>
`;
